[14-Feb-2026 14:26:21 UTC] PHP Fatal error:  Uncaught Error: Class "App\Core\Uploads" not found in /var/www/html/app/Controllers/ProfileController.php:65
Stack trace:
#0 /var/www/html/public/index.php(68): App\Controllers\ProfileController->uploadAvatar()
#1 {main}
  thrown in /var/www/html/app/Controllers/ProfileController.php on line 65
[19-Feb-2026 14:10:33 UTC] PHP Warning:  Header may not contain more than a single header, new line detected in /var/www/html/app/Core/security.php on line 42
[19-Feb-2026 14:10:34 UTC] PHP Warning:  Header may not contain more than a single header, new line detected in /var/www/html/app/Core/security.php on line 42
[19-Feb-2026 14:10:34 UTC] PHP Warning:  Header may not contain more than a single header, new line detected in /var/www/html/app/Core/security.php on line 42
[19-Feb-2026 14:10:35 UTC] PHP Warning:  Header may not contain more than a single header, new line detected in /var/www/html/app/Core/security.php on line 42
[19-Feb-2026 14:10:35 UTC] PHP Warning:  Header may not contain more than a single header, new line detected in /var/www/html/app/Core/security.php on line 42
[19-Feb-2026 14:10:48 UTC] PHP Warning:  Header may not contain more than a single header, new line detected in /var/www/html/app/Core/security.php on line 42
[19-Feb-2026 14:10:49 UTC] PHP Warning:  Header may not contain more than a single header, new line detected in /var/www/html/app/Core/security.php on line 42
[19-Feb-2026 14:10:54 UTC] PHP Warning:  Header may not contain more than a single header, new line detected in /var/www/html/app/Core/security.php on line 42
[19-Feb-2026 14:11:03 UTC] PHP Warning:  Header may not contain more than a single header, new line detected in /var/www/html/app/Core/security.php on line 42
[19-Feb-2026 14:11:04 UTC] PHP Warning:  Header may not contain more than a single header, new line detected in /var/www/html/app/Core/security.php on line 42
[19-Feb-2026 14:11:04 UTC] PHP Warning:  Header may not contain more than a single header, new line detected in /var/www/html/app/Core/security.php on line 42
[19-Feb-2026 14:11:23 UTC] PHP Warning:  Header may not contain more than a single header, new line detected in /var/www/html/app/Core/security.php on line 42
[19-Feb-2026 14:11:23 UTC] PHP Warning:  Header may not contain more than a single header, new line detected in /var/www/html/app/Core/security.php on line 42
[19-Feb-2026 14:11:30 UTC] PHP Warning:  Header may not contain more than a single header, new line detected in /var/www/html/app/Core/security.php on line 42
[19-Feb-2026 14:11:30 UTC] PHP Warning:  Header may not contain more than a single header, new line detected in /var/www/html/app/Core/security.php on line 42
[19-Feb-2026 14:27:52 UTC] PHP Warning:  Header may not contain more than a single header, new line detected in /var/www/html/app/Core/security.php on line 42
[19-Feb-2026 14:27:52 UTC] PHP Warning:  Header may not contain more than a single header, new line detected in /var/www/html/app/Core/security.php on line 42
[19-Feb-2026 14:28:04 UTC] PHP Warning:  Header may not contain more than a single header, new line detected in /var/www/html/app/Core/security.php on line 42
[19-Feb-2026 14:28:05 UTC] PHP Warning:  Header may not contain more than a single header, new line detected in /var/www/html/app/Core/security.php on line 42
[19-Feb-2026 14:28:05 UTC] PHP Warning:  Header may not contain more than a single header, new line detected in /var/www/html/app/Core/security.php on line 42
[19-Feb-2026 14:28:08 UTC] PHP Warning:  Header may not contain more than a single header, new line detected in /var/www/html/app/Core/security.php on line 42
[19-Feb-2026 14:28:09 UTC] PHP Warning:  Header may not contain more than a single header, new line detected in /var/www/html/app/Core/security.php on line 42
[19-Feb-2026 14:28:19 UTC] PHP Warning:  Header may not contain more than a single header, new line detected in /var/www/html/app/Core/security.php on line 42
[19-Feb-2026 14:28:19 UTC] PHP Warning:  Header may not contain more than a single header, new line detected in /var/www/html/app/Core/security.php on line 42
[19-Feb-2026 14:28:19 UTC] PHP Warning:  Header may not contain more than a single header, new line detected in /var/www/html/app/Core/security.php on line 42
[19-Feb-2026 14:28:48 UTC] PHP Warning:  Header may not contain more than a single header, new line detected in /var/www/html/app/Core/security.php on line 42
[19-Feb-2026 14:28:48 UTC] PHP Warning:  Header may not contain more than a single header, new line detected in /var/www/html/app/Core/security.php on line 42
[19-Feb-2026 14:28:53 UTC] PHP Warning:  Header may not contain more than a single header, new line detected in /var/www/html/app/Core/security.php on line 42
[19-Feb-2026 14:28:53 UTC] PHP Warning:  Header may not contain more than a single header, new line detected in /var/www/html/app/Core/security.php on line 42
[19-Feb-2026 14:28:56 UTC] PHP Warning:  Header may not contain more than a single header, new line detected in /var/www/html/app/Core/security.php on line 42
[19-Feb-2026 14:28:56 UTC] PHP Warning:  Header may not contain more than a single header, new line detected in /var/www/html/app/Core/security.php on line 42
[19-Feb-2026 14:28:57 UTC] PHP Warning:  Header may not contain more than a single header, new line detected in /var/www/html/app/Core/security.php on line 42
[19-Feb-2026 14:28:57 UTC] PHP Warning:  Header may not contain more than a single header, new line detected in /var/www/html/app/Core/security.php on line 42
[19-Feb-2026 14:29:06 UTC] PHP Warning:  Header may not contain more than a single header, new line detected in /var/www/html/app/Core/security.php on line 42
[19-Feb-2026 14:29:06 UTC] PHP Warning:  Header may not contain more than a single header, new line detected in /var/www/html/app/Core/security.php on line 42
[19-Feb-2026 14:29:06 UTC] PHP Warning:  Header may not contain more than a single header, new line detected in /var/www/html/app/Core/security.php on line 42
[19-Feb-2026 14:32:10 UTC] PHP Warning:  Header may not contain more than a single header, new line detected in /var/www/html/app/Core/security.php on line 42
[19-Feb-2026 14:32:10 UTC] PHP Warning:  Header may not contain more than a single header, new line detected in /var/www/html/app/Core/security.php on line 42
[19-Feb-2026 14:32:27 UTC] PHP Warning:  Header may not contain more than a single header, new line detected in /var/www/html/app/Core/security.php on line 42
[19-Feb-2026 14:32:28 UTC] PHP Warning:  Header may not contain more than a single header, new line detected in /var/www/html/app/Core/security.php on line 42
[19-Feb-2026 14:32:28 UTC] PHP Warning:  Header may not contain more than a single header, new line detected in /var/www/html/app/Core/security.php on line 42
[19-Feb-2026 14:32:30 UTC] PHP Warning:  Header may not contain more than a single header, new line detected in /var/www/html/app/Core/security.php on line 42
[19-Feb-2026 14:32:30 UTC] PHP Warning:  Header may not contain more than a single header, new line detected in /var/www/html/app/Core/security.php on line 42
[19-Feb-2026 14:32:40 UTC] PHP Warning:  Header may not contain more than a single header, new line detected in /var/www/html/app/Core/security.php on line 42
[19-Feb-2026 14:32:40 UTC] PHP Warning:  Header may not contain more than a single header, new line detected in /var/www/html/app/Core/security.php on line 42
[19-Feb-2026 14:32:40 UTC] PHP Warning:  Header may not contain more than a single header, new line detected in /var/www/html/app/Core/security.php on line 42
[19-Feb-2026 14:33:00 UTC] PHP Warning:  Header may not contain more than a single header, new line detected in /var/www/html/app/Core/security.php on line 42
[19-Feb-2026 14:33:00 UTC] PHP Warning:  Header may not contain more than a single header, new line detected in /var/www/html/app/Core/security.php on line 42
[19-Feb-2026 14:33:00 UTC] PHP Warning:  Header may not contain more than a single header, new line detected in /var/www/html/app/Core/security.php on line 42
[19-Feb-2026 14:33:41 UTC] PHP Warning:  Header may not contain more than a single header, new line detected in /var/www/html/app/Core/security.php on line 42
[19-Feb-2026 14:33:41 UTC] PHP Warning:  Header may not contain more than a single header, new line detected in /var/www/html/app/Core/security.php on line 42
[19-Feb-2026 14:33:42 UTC] PHP Warning:  Header may not contain more than a single header, new line detected in /var/www/html/app/Core/security.php on line 42
[19-Feb-2026 14:33:42 UTC] PHP Warning:  Header may not contain more than a single header, new line detected in /var/www/html/app/Core/security.php on line 42
[19-Feb-2026 14:33:51 UTC] PHP Warning:  Header may not contain more than a single header, new line detected in /var/www/html/app/Core/security.php on line 42
[19-Feb-2026 14:33:51 UTC] PHP Warning:  Header may not contain more than a single header, new line detected in /var/www/html/app/Core/security.php on line 42
[19-Feb-2026 14:33:53 UTC] PHP Warning:  Header may not contain more than a single header, new line detected in /var/www/html/app/Core/security.php on line 42
[19-Feb-2026 14:38:37 UTC] PHP Warning:  Header may not contain more than a single header, new line detected in /var/www/html/app/Core/security.php on line 42
[19-Feb-2026 14:38:37 UTC] PHP Warning:  Header may not contain more than a single header, new line detected in /var/www/html/app/Core/security.php on line 42
[19-Feb-2026 14:38:39 UTC] PHP Warning:  Header may not contain more than a single header, new line detected in /var/www/html/app/Core/security.php on line 42
[19-Feb-2026 14:38:40 UTC] PHP Warning:  Header may not contain more than a single header, new line detected in /var/www/html/app/Core/security.php on line 42
[19-Feb-2026 14:38:42 UTC] PHP Warning:  Header may not contain more than a single header, new line detected in /var/www/html/app/Core/security.php on line 42
[19-Feb-2026 14:38:42 UTC] PHP Warning:  Header may not contain more than a single header, new line detected in /var/www/html/app/Core/security.php on line 42
[19-Feb-2026 14:38:44 UTC] PHP Warning:  Header may not contain more than a single header, new line detected in /var/www/html/app/Core/security.php on line 42
[19-Feb-2026 14:38:44 UTC] PHP Warning:  Header may not contain more than a single header, new line detected in /var/www/html/app/Core/security.php on line 42
[19-Feb-2026 14:38:46 UTC] PHP Warning:  Header may not contain more than a single header, new line detected in /var/www/html/app/Core/security.php on line 42
[19-Feb-2026 14:38:46 UTC] PHP Warning:  Header may not contain more than a single header, new line detected in /var/www/html/app/Core/security.php on line 42
[19-Feb-2026 14:38:47 UTC] PHP Warning:  Header may not contain more than a single header, new line detected in /var/www/html/app/Core/security.php on line 42
[19-Feb-2026 14:38:48 UTC] PHP Warning:  Header may not contain more than a single header, new line detected in /var/www/html/app/Core/security.php on line 42
[19-Feb-2026 14:38:54 UTC] PHP Warning:  Header may not contain more than a single header, new line detected in /var/www/html/app/Core/security.php on line 42
[19-Feb-2026 14:38:54 UTC] PHP Warning:  Header may not contain more than a single header, new line detected in /var/www/html/app/Core/security.php on line 42
[19-Feb-2026 14:38:59 UTC] PHP Warning:  Header may not contain more than a single header, new line detected in /var/www/html/app/Core/security.php on line 42
[19-Feb-2026 14:38:59 UTC] PHP Warning:  Header may not contain more than a single header, new line detected in /var/www/html/app/Core/security.php on line 42
[19-Feb-2026 14:39:36 UTC] PHP Warning:  Header may not contain more than a single header, new line detected in /var/www/html/app/Core/security.php on line 42
[19-Feb-2026 14:39:36 UTC] PHP Warning:  Header may not contain more than a single header, new line detected in /var/www/html/app/Core/security.php on line 42
[19-Feb-2026 14:39:38 UTC] PHP Warning:  Header may not contain more than a single header, new line detected in /var/www/html/app/Core/security.php on line 42
[19-Feb-2026 14:39:38 UTC] PHP Warning:  Header may not contain more than a single header, new line detected in /var/www/html/app/Core/security.php on line 42
[19-Feb-2026 15:54:27 UTC] PHP Warning:  Header may not contain more than a single header, new line detected in /var/www/html/app/Core/security.php on line 42
[19-Feb-2026 15:54:27 UTC] PHP Warning:  Header may not contain more than a single header, new line detected in /var/www/html/app/Core/security.php on line 42
[19-Feb-2026 15:54:57 UTC] PHP Warning:  Header may not contain more than a single header, new line detected in /var/www/html/app/Core/security.php on line 42
[19-Feb-2026 15:55:10 UTC] PHP Warning:  Header may not contain more than a single header, new line detected in /var/www/html/app/Core/security.php on line 42
[19-Feb-2026 15:55:11 UTC] PHP Warning:  Header may not contain more than a single header, new line detected in /var/www/html/app/Core/security.php on line 42
[19-Feb-2026 15:55:26 UTC] PHP Warning:  Header may not contain more than a single header, new line detected in /var/www/html/app/Core/security.php on line 42
[19-Feb-2026 15:55:28 UTC] PHP Warning:  Header may not contain more than a single header, new line detected in /var/www/html/app/Core/security.php on line 42
[19-Feb-2026 15:55:30 UTC] PHP Warning:  Header may not contain more than a single header, new line detected in /var/www/html/app/Core/security.php on line 42
[19-Feb-2026 15:55:32 UTC] PHP Warning:  Header may not contain more than a single header, new line detected in /var/www/html/app/Core/security.php on line 42
[19-Feb-2026 15:55:34 UTC] PHP Warning:  Header may not contain more than a single header, new line detected in /var/www/html/app/Core/security.php on line 42
[19-Feb-2026 15:55:39 UTC] PHP Warning:  Header may not contain more than a single header, new line detected in /var/www/html/app/Core/security.php on line 42
[19-Feb-2026 15:55:51 UTC] PHP Warning:  Header may not contain more than a single header, new line detected in /var/www/html/app/Core/security.php on line 42
[19-Feb-2026 15:55:52 UTC] PHP Warning:  Header may not contain more than a single header, new line detected in /var/www/html/app/Core/security.php on line 42
[19-Feb-2026 15:55:52 UTC] PHP Warning:  Header may not contain more than a single header, new line detected in /var/www/html/app/Core/security.php on line 42
[19-Feb-2026 15:56:32 UTC] PHP Warning:  Header may not contain more than a single header, new line detected in /var/www/html/app/Core/security.php on line 42
[19-Feb-2026 15:56:32 UTC] PHP Warning:  Header may not contain more than a single header, new line detected in /var/www/html/app/Core/security.php on line 42
[19-Feb-2026 15:56:40 UTC] PHP Warning:  Header may not contain more than a single header, new line detected in /var/www/html/app/Core/security.php on line 42
[19-Feb-2026 15:56:41 UTC] PHP Warning:  Header may not contain more than a single header, new line detected in /var/www/html/app/Core/security.php on line 42
[19-Feb-2026 15:56:42 UTC] PHP Warning:  Header may not contain more than a single header, new line detected in /var/www/html/app/Core/security.php on line 42
[19-Feb-2026 15:56:43 UTC] PHP Warning:  Header may not contain more than a single header, new line detected in /var/www/html/app/Core/security.php on line 42
[19-Feb-2026 15:56:45 UTC] PHP Warning:  Header may not contain more than a single header, new line detected in /var/www/html/app/Core/security.php on line 42
[19-Feb-2026 15:56:46 UTC] PHP Warning:  Header may not contain more than a single header, new line detected in /var/www/html/app/Core/security.php on line 42
[19-Feb-2026 15:56:48 UTC] PHP Warning:  Header may not contain more than a single header, new line detected in /var/www/html/app/Core/security.php on line 42
[19-Feb-2026 15:56:48 UTC] PHP Warning:  Header may not contain more than a single header, new line detected in /var/www/html/app/Core/security.php on line 42
[19-Feb-2026 15:57:01 UTC] PHP Warning:  Header may not contain more than a single header, new line detected in /var/www/html/app/Core/security.php on line 42
[19-Feb-2026 15:57:01 UTC] PHP Warning:  Header may not contain more than a single header, new line detected in /var/www/html/app/Core/security.php on line 42
[19-Feb-2026 15:57:03 UTC] PHP Warning:  Header may not contain more than a single header, new line detected in /var/www/html/app/Core/security.php on line 42
[19-Feb-2026 15:57:03 UTC] PHP Warning:  Header may not contain more than a single header, new line detected in /var/www/html/app/Core/security.php on line 42
[19-Feb-2026 15:57:06 UTC] PHP Warning:  Header may not contain more than a single header, new line detected in /var/www/html/app/Core/security.php on line 42
[19-Feb-2026 15:57:06 UTC] PHP Warning:  Header may not contain more than a single header, new line detected in /var/www/html/app/Core/security.php on line 42
[19-Feb-2026 15:57:07 UTC] PHP Warning:  Header may not contain more than a single header, new line detected in /var/www/html/app/Core/security.php on line 42
[19-Feb-2026 15:57:07 UTC] PHP Warning:  Header may not contain more than a single header, new line detected in /var/www/html/app/Core/security.php on line 42
[19-Feb-2026 15:57:19 UTC] PHP Warning:  Header may not contain more than a single header, new line detected in /var/www/html/app/Core/security.php on line 42
[19-Feb-2026 15:57:20 UTC] PHP Warning:  Header may not contain more than a single header, new line detected in /var/www/html/app/Core/security.php on line 42
[19-Feb-2026 15:57:21 UTC] PHP Warning:  Header may not contain more than a single header, new line detected in /var/www/html/app/Core/security.php on line 42
[19-Feb-2026 15:57:22 UTC] PHP Warning:  Header may not contain more than a single header, new line detected in /var/www/html/app/Core/security.php on line 42
[19-Feb-2026 15:57:23 UTC] PHP Warning:  Header may not contain more than a single header, new line detected in /var/www/html/app/Core/security.php on line 42
[19-Feb-2026 15:57:23 UTC] PHP Warning:  Header may not contain more than a single header, new line detected in /var/www/html/app/Core/security.php on line 42
[19-Feb-2026 15:57:31 UTC] PHP Warning:  Header may not contain more than a single header, new line detected in /var/www/html/app/Core/security.php on line 42
[19-Feb-2026 15:57:31 UTC] PHP Warning:  Header may not contain more than a single header, new line detected in /var/www/html/app/Core/security.php on line 42
[19-Feb-2026 15:57:33 UTC] PHP Warning:  Header may not contain more than a single header, new line detected in /var/www/html/app/Core/security.php on line 42
[19-Feb-2026 15:57:33 UTC] PHP Warning:  Header may not contain more than a single header, new line detected in /var/www/html/app/Core/security.php on line 42
[19-Feb-2026 15:57:35 UTC] PHP Warning:  Header may not contain more than a single header, new line detected in /var/www/html/app/Core/security.php on line 42
[19-Feb-2026 15:57:35 UTC] PHP Warning:  Header may not contain more than a single header, new line detected in /var/www/html/app/Core/security.php on line 42
[19-Feb-2026 15:57:37 UTC] PHP Warning:  Header may not contain more than a single header, new line detected in /var/www/html/app/Core/security.php on line 42
[19-Feb-2026 15:57:37 UTC] PHP Warning:  Header may not contain more than a single header, new line detected in /var/www/html/app/Core/security.php on line 42
[19-Feb-2026 15:57:38 UTC] PHP Warning:  Header may not contain more than a single header, new line detected in /var/www/html/app/Core/security.php on line 42
[19-Feb-2026 15:57:39 UTC] PHP Warning:  Header may not contain more than a single header, new line detected in /var/www/html/app/Core/security.php on line 42
[19-Feb-2026 15:57:41 UTC] PHP Warning:  Header may not contain more than a single header, new line detected in /var/www/html/app/Core/security.php on line 42
[19-Feb-2026 15:57:41 UTC] PHP Warning:  Header may not contain more than a single header, new line detected in /var/www/html/app/Core/security.php on line 42
[19-Feb-2026 15:57:42 UTC] PHP Warning:  Header may not contain more than a single header, new line detected in /var/www/html/app/Core/security.php on line 42
[19-Feb-2026 15:57:42 UTC] PHP Warning:  Header may not contain more than a single header, new line detected in /var/www/html/app/Core/security.php on line 42
[19-Feb-2026 15:57:45 UTC] PHP Warning:  Header may not contain more than a single header, new line detected in /var/www/html/app/Core/security.php on line 42
[19-Feb-2026 15:57:45 UTC] PHP Warning:  Header may not contain more than a single header, new line detected in /var/www/html/app/Core/security.php on line 42
[19-Feb-2026 15:57:48 UTC] PHP Warning:  Header may not contain more than a single header, new line detected in /var/www/html/app/Core/security.php on line 42
[19-Feb-2026 15:57:49 UTC] PHP Warning:  Header may not contain more than a single header, new line detected in /var/www/html/app/Core/security.php on line 42
[19-Feb-2026 15:57:51 UTC] PHP Warning:  Header may not contain more than a single header, new line detected in /var/www/html/app/Core/security.php on line 42
[19-Feb-2026 15:57:51 UTC] PHP Warning:  Header may not contain more than a single header, new line detected in /var/www/html/app/Core/security.php on line 42
[19-Feb-2026 15:57:52 UTC] PHP Warning:  Header may not contain more than a single header, new line detected in /var/www/html/app/Core/security.php on line 42
[19-Feb-2026 15:57:53 UTC] PHP Warning:  Header may not contain more than a single header, new line detected in /var/www/html/app/Core/security.php on line 42
[19-Feb-2026 15:57:54 UTC] PHP Warning:  Header may not contain more than a single header, new line detected in /var/www/html/app/Core/security.php on line 42
[19-Feb-2026 15:57:54 UTC] PHP Warning:  Header may not contain more than a single header, new line detected in /var/www/html/app/Core/security.php on line 42
[19-Feb-2026 15:57:55 UTC] PHP Warning:  Header may not contain more than a single header, new line detected in /var/www/html/app/Core/security.php on line 42
[19-Feb-2026 15:57:55 UTC] PHP Warning:  Header may not contain more than a single header, new line detected in /var/www/html/app/Core/security.php on line 42
[19-Feb-2026 15:57:56 UTC] PHP Warning:  Header may not contain more than a single header, new line detected in /var/www/html/app/Core/security.php on line 42
[19-Feb-2026 15:57:57 UTC] PHP Warning:  Header may not contain more than a single header, new line detected in /var/www/html/app/Core/security.php on line 42
[19-Feb-2026 16:05:58 UTC] PHP Warning:  Header may not contain more than a single header, new line detected in /var/www/html/app/Core/security.php on line 42
[19-Feb-2026 16:06:21 UTC] PHP Warning:  Header may not contain more than a single header, new line detected in /var/www/html/app/Core/security.php on line 42
[19-Feb-2026 16:06:22 UTC] PHP Warning:  Header may not contain more than a single header, new line detected in /var/www/html/app/Core/security.php on line 42
[19-Feb-2026 16:06:22 UTC] PHP Warning:  Header may not contain more than a single header, new line detected in /var/www/html/app/Core/security.php on line 42
[19-Feb-2026 16:06:27 UTC] PHP Warning:  Header may not contain more than a single header, new line detected in /var/www/html/app/Core/security.php on line 42
[19-Feb-2026 16:06:27 UTC] PHP Warning:  Header may not contain more than a single header, new line detected in /var/www/html/app/Core/security.php on line 42
[19-Feb-2026 16:06:27 UTC] PHP Warning:  Header may not contain more than a single header, new line detected in /var/www/html/app/Core/security.php on line 42
[19-Feb-2026 16:06:45 UTC] PHP Warning:  Header may not contain more than a single header, new line detected in /var/www/html/app/Core/security.php on line 42
[19-Feb-2026 16:06:45 UTC] PHP Warning:  Header may not contain more than a single header, new line detected in /var/www/html/app/Core/security.php on line 42
[19-Feb-2026 16:06:45 UTC] PHP Warning:  Header may not contain more than a single header, new line detected in /var/www/html/app/Core/security.php on line 42
[19-Feb-2026 16:06:55 UTC] PHP Warning:  Header may not contain more than a single header, new line detected in /var/www/html/app/Core/security.php on line 42
[19-Feb-2026 16:06:55 UTC] PHP Warning:  Header may not contain more than a single header, new line detected in /var/www/html/app/Core/security.php on line 42
[19-Feb-2026 16:06:55 UTC] PHP Warning:  Header may not contain more than a single header, new line detected in /var/www/html/app/Core/security.php on line 42
[19-Feb-2026 16:06:59 UTC] PHP Warning:  Header may not contain more than a single header, new line detected in /var/www/html/app/Core/security.php on line 42
[19-Feb-2026 16:06:59 UTC] PHP Warning:  Header may not contain more than a single header, new line detected in /var/www/html/app/Core/security.php on line 42
[19-Feb-2026 16:07:01 UTC] PHP Warning:  Header may not contain more than a single header, new line detected in /var/www/html/app/Core/security.php on line 42
[19-Feb-2026 16:07:02 UTC] PHP Warning:  Header may not contain more than a single header, new line detected in /var/www/html/app/Core/security.php on line 42
[19-Feb-2026 16:07:03 UTC] PHP Warning:  Header may not contain more than a single header, new line detected in /var/www/html/app/Core/security.php on line 42
[19-Feb-2026 16:07:04 UTC] PHP Warning:  Header may not contain more than a single header, new line detected in /var/www/html/app/Core/security.php on line 42
[19-Feb-2026 16:07:09 UTC] PHP Warning:  Header may not contain more than a single header, new line detected in /var/www/html/app/Core/security.php on line 42
[19-Feb-2026 16:07:09 UTC] PHP Warning:  Header may not contain more than a single header, new line detected in /var/www/html/app/Core/security.php on line 42
[19-Feb-2026 16:07:11 UTC] PHP Warning:  Header may not contain more than a single header, new line detected in /var/www/html/app/Core/security.php on line 42
[19-Feb-2026 16:07:11 UTC] PHP Warning:  Header may not contain more than a single header, new line detected in /var/www/html/app/Core/security.php on line 42
[19-Feb-2026 16:07:12 UTC] PHP Warning:  Header may not contain more than a single header, new line detected in /var/www/html/app/Core/security.php on line 42
[19-Feb-2026 16:07:12 UTC] PHP Warning:  Header may not contain more than a single header, new line detected in /var/www/html/app/Core/security.php on line 42
[19-Feb-2026 16:07:14 UTC] PHP Warning:  Header may not contain more than a single header, new line detected in /var/www/html/app/Core/security.php on line 42
[19-Feb-2026 16:07:14 UTC] PHP Warning:  Header may not contain more than a single header, new line detected in /var/www/html/app/Core/security.php on line 42
[19-Feb-2026 16:07:16 UTC] PHP Warning:  Header may not contain more than a single header, new line detected in /var/www/html/app/Core/security.php on line 42
[19-Feb-2026 16:07:16 UTC] PHP Warning:  Header may not contain more than a single header, new line detected in /var/www/html/app/Core/security.php on line 42
[19-Feb-2026 16:07:18 UTC] PHP Warning:  Header may not contain more than a single header, new line detected in /var/www/html/app/Core/security.php on line 42
[19-Feb-2026 16:07:18 UTC] PHP Warning:  Header may not contain more than a single header, new line detected in /var/www/html/app/Core/security.php on line 42
[19-Feb-2026 16:07:20 UTC] PHP Warning:  Header may not contain more than a single header, new line detected in /var/www/html/app/Core/security.php on line 42
[19-Feb-2026 16:07:20 UTC] PHP Warning:  Header may not contain more than a single header, new line detected in /var/www/html/app/Core/security.php on line 42
[19-Feb-2026 16:08:38 UTC] PHP Warning:  Header may not contain more than a single header, new line detected in /var/www/html/app/Core/security.php on line 42
[19-Feb-2026 16:08:38 UTC] PHP Warning:  Header may not contain more than a single header, new line detected in /var/www/html/app/Core/security.php on line 42
[19-Feb-2026 16:08:42 UTC] PHP Warning:  Header may not contain more than a single header, new line detected in /var/www/html/app/Core/security.php on line 42
[19-Feb-2026 16:08:42 UTC] PHP Warning:  Header may not contain more than a single header, new line detected in /var/www/html/app/Core/security.php on line 42
[19-Feb-2026 16:08:44 UTC] PHP Warning:  Header may not contain more than a single header, new line detected in /var/www/html/app/Core/security.php on line 42
[19-Feb-2026 16:08:44 UTC] PHP Warning:  Header may not contain more than a single header, new line detected in /var/www/html/app/Core/security.php on line 42
[19-Feb-2026 16:12:24 UTC] PHP Warning:  Header may not contain more than a single header, new line detected in /var/www/html/app/Core/security.php on line 42
[19-Feb-2026 16:12:24 UTC] PHP Warning:  Header may not contain more than a single header, new line detected in /var/www/html/app/Core/security.php on line 42
[19-Feb-2026 16:12:37 UTC] PHP Warning:  Header may not contain more than a single header, new line detected in /var/www/html/app/Core/security.php on line 42
[19-Feb-2026 16:12:38 UTC] PHP Warning:  Header may not contain more than a single header, new line detected in /var/www/html/app/Core/security.php on line 42
[19-Feb-2026 16:12:38 UTC] PHP Warning:  Header may not contain more than a single header, new line detected in /var/www/html/app/Core/security.php on line 42
[19-Feb-2026 16:12:48 UTC] PHP Warning:  Header may not contain more than a single header, new line detected in /var/www/html/app/Core/security.php on line 42
[19-Feb-2026 16:12:48 UTC] PHP Warning:  Header may not contain more than a single header, new line detected in /var/www/html/app/Core/security.php on line 42
[19-Feb-2026 16:12:50 UTC] PHP Warning:  Header may not contain more than a single header, new line detected in /var/www/html/app/Core/security.php on line 42
[19-Feb-2026 16:12:51 UTC] PHP Warning:  Header may not contain more than a single header, new line detected in /var/www/html/app/Core/security.php on line 42
[19-Feb-2026 16:12:53 UTC] PHP Warning:  Header may not contain more than a single header, new line detected in /var/www/html/app/Core/security.php on line 42
[19-Feb-2026 16:12:53 UTC] PHP Warning:  Header may not contain more than a single header, new line detected in /var/www/html/app/Core/security.php on line 42
[19-Feb-2026 16:12:55 UTC] PHP Warning:  Header may not contain more than a single header, new line detected in /var/www/html/app/Core/security.php on line 42
[19-Feb-2026 16:12:55 UTC] PHP Warning:  Header may not contain more than a single header, new line detected in /var/www/html/app/Core/security.php on line 42
[19-Feb-2026 16:12:59 UTC] PHP Warning:  Header may not contain more than a single header, new line detected in /var/www/html/app/Core/security.php on line 42
[19-Feb-2026 16:12:59 UTC] PHP Warning:  Header may not contain more than a single header, new line detected in /var/www/html/app/Core/security.php on line 42
[20-Feb-2026 03:32:10 UTC] PHP Warning:  Header may not contain more than a single header, new line detected in /var/www/html/app/Core/security.php on line 42
[20-Feb-2026 03:32:10 UTC] PHP Warning:  Header may not contain more than a single header, new line detected in /var/www/html/app/Core/security.php on line 42
[20-Feb-2026 03:34:54 UTC] PHP Warning:  Header may not contain more than a single header, new line detected in /var/www/html/app/Core/security.php on line 42
[20-Feb-2026 03:35:12 UTC] PHP Warning:  Header may not contain more than a single header, new line detected in /var/www/html/app/Core/security.php on line 42
[20-Feb-2026 03:35:12 UTC] PHP Warning:  Header may not contain more than a single header, new line detected in /var/www/html/app/Core/security.php on line 42
[20-Feb-2026 03:35:12 UTC] PHP Warning:  Header may not contain more than a single header, new line detected in /var/www/html/app/Core/security.php on line 42
[20-Feb-2026 03:42:18 UTC] PHP Warning:  Header may not contain more than a single header, new line detected in /var/www/html/app/Core/security.php on line 42
[20-Feb-2026 03:42:18 UTC] PHP Warning:  Header may not contain more than a single header, new line detected in /var/www/html/app/Core/security.php on line 42
[20-Feb-2026 03:43:58 UTC] PHP Warning:  Header may not contain more than a single header, new line detected in /var/www/html/app/Core/security.php on line 42
[20-Feb-2026 03:43:58 UTC] PHP Warning:  Header may not contain more than a single header, new line detected in /var/www/html/app/Core/security.php on line 42
[20-Feb-2026 03:44:12 UTC] PHP Warning:  Header may not contain more than a single header, new line detected in /var/www/html/app/Core/security.php on line 42
[20-Feb-2026 03:44:13 UTC] PHP Warning:  Header may not contain more than a single header, new line detected in /var/www/html/app/Core/security.php on line 42
[20-Feb-2026 03:44:13 UTC] PHP Warning:  Header may not contain more than a single header, new line detected in /var/www/html/app/Core/security.php on line 42
[20-Feb-2026 03:44:35 UTC] PHP Warning:  Header may not contain more than a single header, new line detected in /var/www/html/app/Core/security.php on line 42
[20-Feb-2026 03:44:36 UTC] PHP Warning:  Header may not contain more than a single header, new line detected in /var/www/html/app/Core/security.php on line 42
[20-Feb-2026 03:44:40 UTC] PHP Warning:  Header may not contain more than a single header, new line detected in /var/www/html/app/Core/security.php on line 42
[20-Feb-2026 03:44:40 UTC] PHP Warning:  Header may not contain more than a single header, new line detected in /var/www/html/app/Core/security.php on line 42
[20-Feb-2026 03:44:42 UTC] PHP Warning:  Header may not contain more than a single header, new line detected in /var/www/html/app/Core/security.php on line 42
[20-Feb-2026 03:44:42 UTC] PHP Warning:  Header may not contain more than a single header, new line detected in /var/www/html/app/Core/security.php on line 42
[20-Feb-2026 03:45:04 UTC] PHP Warning:  Header may not contain more than a single header, new line detected in /var/www/html/app/Core/security.php on line 42
[20-Feb-2026 03:45:05 UTC] PHP Warning:  Header may not contain more than a single header, new line detected in /var/www/html/app/Core/security.php on line 42
[20-Feb-2026 03:45:06 UTC] PHP Warning:  Header may not contain more than a single header, new line detected in /var/www/html/app/Core/security.php on line 42
[20-Feb-2026 03:45:06 UTC] PHP Warning:  Header may not contain more than a single header, new line detected in /var/www/html/app/Core/security.php on line 42
[20-Feb-2026 03:45:10 UTC] PHP Warning:  Header may not contain more than a single header, new line detected in /var/www/html/app/Core/security.php on line 42
[20-Feb-2026 03:45:10 UTC] PHP Warning:  Header may not contain more than a single header, new line detected in /var/www/html/app/Core/security.php on line 42
[20-Feb-2026 03:45:12 UTC] PHP Warning:  Header may not contain more than a single header, new line detected in /var/www/html/app/Core/security.php on line 42
[20-Feb-2026 03:45:12 UTC] PHP Warning:  Header may not contain more than a single header, new line detected in /var/www/html/app/Core/security.php on line 42
[20-Feb-2026 03:45:14 UTC] PHP Warning:  Header may not contain more than a single header, new line detected in /var/www/html/app/Core/security.php on line 42
[20-Feb-2026 03:45:14 UTC] PHP Warning:  Header may not contain more than a single header, new line detected in /var/www/html/app/Core/security.php on line 42
[20-Feb-2026 03:45:29 UTC] PHP Warning:  Header may not contain more than a single header, new line detected in /var/www/html/app/Core/security.php on line 42
[20-Feb-2026 03:45:30 UTC] PHP Warning:  Header may not contain more than a single header, new line detected in /var/www/html/app/Core/security.php on line 42
[20-Feb-2026 03:45:31 UTC] PHP Warning:  Header may not contain more than a single header, new line detected in /var/www/html/app/Core/security.php on line 42
[20-Feb-2026 03:45:32 UTC] PHP Warning:  Header may not contain more than a single header, new line detected in /var/www/html/app/Core/security.php on line 42
[20-Feb-2026 03:45:36 UTC] PHP Warning:  Header may not contain more than a single header, new line detected in /var/www/html/app/Core/security.php on line 42
[20-Feb-2026 03:45:38 UTC] PHP Warning:  Header may not contain more than a single header, new line detected in /var/www/html/app/Core/security.php on line 42
[20-Feb-2026 03:45:40 UTC] PHP Warning:  Header may not contain more than a single header, new line detected in /var/www/html/app/Core/security.php on line 42
[20-Feb-2026 03:45:42 UTC] PHP Warning:  Header may not contain more than a single header, new line detected in /var/www/html/app/Core/security.php on line 42
[20-Feb-2026 03:45:49 UTC] PHP Warning:  Header may not contain more than a single header, new line detected in /var/www/html/app/Core/security.php on line 42
[20-Feb-2026 03:45:49 UTC] PHP Warning:  Header may not contain more than a single header, new line detected in /var/www/html/app/Core/security.php on line 42
[20-Feb-2026 03:45:51 UTC] PHP Warning:  Header may not contain more than a single header, new line detected in /var/www/html/app/Core/security.php on line 42
[20-Feb-2026 03:45:52 UTC] PHP Warning:  Header may not contain more than a single header, new line detected in /var/www/html/app/Core/security.php on line 42
[20-Feb-2026 03:45:53 UTC] PHP Warning:  Header may not contain more than a single header, new line detected in /var/www/html/app/Core/security.php on line 42
[20-Feb-2026 03:45:53 UTC] PHP Warning:  Header may not contain more than a single header, new line detected in /var/www/html/app/Core/security.php on line 42
[20-Feb-2026 03:45:55 UTC] PHP Warning:  Header may not contain more than a single header, new line detected in /var/www/html/app/Core/security.php on line 42
[20-Feb-2026 03:45:55 UTC] PHP Warning:  Header may not contain more than a single header, new line detected in /var/www/html/app/Core/security.php on line 42
[20-Feb-2026 03:45:57 UTC] PHP Warning:  Header may not contain more than a single header, new line detected in /var/www/html/app/Core/security.php on line 42
[20-Feb-2026 03:45:57 UTC] PHP Warning:  Header may not contain more than a single header, new line detected in /var/www/html/app/Core/security.php on line 42
[20-Feb-2026 03:45:59 UTC] PHP Warning:  Header may not contain more than a single header, new line detected in /var/www/html/app/Core/security.php on line 42
[20-Feb-2026 03:46:00 UTC] PHP Warning:  Header may not contain more than a single header, new line detected in /var/www/html/app/Core/security.php on line 42
[20-Feb-2026 03:46:02 UTC] PHP Warning:  Header may not contain more than a single header, new line detected in /var/www/html/app/Core/security.php on line 42
[20-Feb-2026 03:46:02 UTC] PHP Warning:  Header may not contain more than a single header, new line detected in /var/www/html/app/Core/security.php on line 42
[20-Feb-2026 03:46:06 UTC] PHP Warning:  Header may not contain more than a single header, new line detected in /var/www/html/app/Core/security.php on line 42
[20-Feb-2026 03:46:06 UTC] PHP Warning:  Header may not contain more than a single header, new line detected in /var/www/html/app/Core/security.php on line 42
[20-Feb-2026 03:46:09 UTC] PHP Warning:  Header may not contain more than a single header, new line detected in /var/www/html/app/Core/security.php on line 42
[20-Feb-2026 03:46:09 UTC] PHP Warning:  Header may not contain more than a single header, new line detected in /var/www/html/app/Core/security.php on line 42
[20-Feb-2026 03:46:10 UTC] PHP Warning:  Header may not contain more than a single header, new line detected in /var/www/html/app/Core/security.php on line 42
[20-Feb-2026 03:46:10 UTC] PHP Warning:  Header may not contain more than a single header, new line detected in /var/www/html/app/Core/security.php on line 42
[20-Feb-2026 03:46:11 UTC] PHP Warning:  Header may not contain more than a single header, new line detected in /var/www/html/app/Core/security.php on line 42
[20-Feb-2026 03:46:12 UTC] PHP Warning:  Header may not contain more than a single header, new line detected in /var/www/html/app/Core/security.php on line 42
[20-Feb-2026 03:46:17 UTC] PHP Warning:  Header may not contain more than a single header, new line detected in /var/www/html/app/Core/security.php on line 42
[20-Feb-2026 03:46:17 UTC] PHP Warning:  Header may not contain more than a single header, new line detected in /var/www/html/app/Core/security.php on line 42
[02-Mar-2026 13:33:37 UTC] PHP Warning:  Header may not contain more than a single header, new line detected in /var/www/html/app/Core/security.php on line 42
[02-Mar-2026 13:33:38 UTC] PHP Warning:  Header may not contain more than a single header, new line detected in /var/www/html/app/Core/security.php on line 42
[02-Mar-2026 13:34:03 UTC] PHP Warning:  Header may not contain more than a single header, new line detected in /var/www/html/app/Core/security.php on line 42
[02-Mar-2026 13:34:04 UTC] PHP Warning:  Header may not contain more than a single header, new line detected in /var/www/html/app/Core/security.php on line 42
[02-Mar-2026 13:34:08 UTC] PHP Warning:  Header may not contain more than a single header, new line detected in /var/www/html/app/Core/security.php on line 42
[02-Mar-2026 13:34:12 UTC] PHP Warning:  Header may not contain more than a single header, new line detected in /var/www/html/app/Core/security.php on line 42
[02-Mar-2026 13:34:15 UTC] PHP Warning:  Header may not contain more than a single header, new line detected in /var/www/html/app/Core/security.php on line 42
[02-Mar-2026 13:34:19 UTC] PHP Warning:  Header may not contain more than a single header, new line detected in /var/www/html/app/Core/security.php on line 42
[02-Mar-2026 13:34:23 UTC] PHP Warning:  Header may not contain more than a single header, new line detected in /var/www/html/app/Core/security.php on line 42
[02-Mar-2026 13:34:32 UTC] PHP Warning:  Header may not contain more than a single header, new line detected in /var/www/html/app/Core/security.php on line 42
[02-Mar-2026 13:34:33 UTC] PHP Warning:  Header may not contain more than a single header, new line detected in /var/www/html/app/Core/security.php on line 42
[02-Mar-2026 13:34:33 UTC] PHP Warning:  Header may not contain more than a single header, new line detected in /var/www/html/app/Core/security.php on line 42
[02-Mar-2026 13:52:40 UTC] PHP Warning:  Header may not contain more than a single header, new line detected in /var/www/html/app/Core/security.php on line 42
[02-Mar-2026 13:52:40 UTC] PHP Warning:  Header may not contain more than a single header, new line detected in /var/www/html/app/Core/security.php on line 42
[02-Mar-2026 13:52:52 UTC] PHP Warning:  Header may not contain more than a single header, new line detected in /var/www/html/app/Core/security.php on line 42
[02-Mar-2026 13:52:53 UTC] PHP Warning:  Header may not contain more than a single header, new line detected in /var/www/html/app/Core/security.php on line 42
[02-Mar-2026 13:52:53 UTC] PHP Warning:  Header may not contain more than a single header, new line detected in /var/www/html/app/Core/security.php on line 42
[02-Mar-2026 13:52:56 UTC] PHP Warning:  Header may not contain more than a single header, new line detected in /var/www/html/app/Core/security.php on line 42
[02-Mar-2026 13:52:57 UTC] PHP Warning:  Header may not contain more than a single header, new line detected in /var/www/html/app/Core/security.php on line 42
[02-Mar-2026 13:53:08 UTC] PHP Warning:  Header may not contain more than a single header, new line detected in /var/www/html/app/Core/security.php on line 42
[02-Mar-2026 13:53:09 UTC] PHP Warning:  Header may not contain more than a single header, new line detected in /var/www/html/app/Core/security.php on line 42
[02-Mar-2026 13:53:10 UTC] PHP Warning:  Header may not contain more than a single header, new line detected in /var/www/html/app/Core/security.php on line 42
[02-Mar-2026 13:53:20 UTC] PHP Warning:  Header may not contain more than a single header, new line detected in /var/www/html/app/Core/security.php on line 42
[02-Mar-2026 13:53:20 UTC] PHP Warning:  Header may not contain more than a single header, new line detected in /var/www/html/app/Core/security.php on line 42
[02-Mar-2026 13:53:28 UTC] PHP Warning:  Header may not contain more than a single header, new line detected in /var/www/html/app/Core/security.php on line 42
[02-Mar-2026 13:53:29 UTC] PHP Warning:  Header may not contain more than a single header, new line detected in /var/www/html/app/Core/security.php on line 42
[02-Mar-2026 13:53:29 UTC] PHP Warning:  Header may not contain more than a single header, new line detected in /var/www/html/app/Core/security.php on line 42
[02-Mar-2026 13:53:33 UTC] PHP Warning:  Header may not contain more than a single header, new line detected in /var/www/html/app/Core/security.php on line 42
[02-Mar-2026 13:53:33 UTC] PHP Warning:  Header may not contain more than a single header, new line detected in /var/www/html/app/Core/security.php on line 42
[02-Mar-2026 13:53:33 UTC] PHP Warning:  Header may not contain more than a single header, new line detected in /var/www/html/app/Core/security.php on line 42
[02-Mar-2026 13:53:37 UTC] PHP Warning:  Header may not contain more than a single header, new line detected in /var/www/html/app/Core/security.php on line 42
[02-Mar-2026 13:53:37 UTC] PHP Warning:  Header may not contain more than a single header, new line detected in /var/www/html/app/Core/security.php on line 42
[02-Mar-2026 13:53:37 UTC] PHP Warning:  Header may not contain more than a single header, new line detected in /var/www/html/app/Core/security.php on line 42
[02-Mar-2026 13:53:40 UTC] PHP Warning:  Header may not contain more than a single header, new line detected in /var/www/html/app/Core/security.php on line 42
[02-Mar-2026 13:53:41 UTC] PHP Warning:  Header may not contain more than a single header, new line detected in /var/www/html/app/Core/security.php on line 42
[02-Mar-2026 13:53:43 UTC] PHP Warning:  Header may not contain more than a single header, new line detected in /var/www/html/app/Core/security.php on line 42
[02-Mar-2026 13:53:44 UTC] PHP Warning:  Header may not contain more than a single header, new line detected in /var/www/html/app/Core/security.php on line 42
[02-Mar-2026 13:53:51 UTC] PHP Warning:  Header may not contain more than a single header, new line detected in /var/www/html/app/Core/security.php on line 42
[02-Mar-2026 13:53:51 UTC] PHP Warning:  Header may not contain more than a single header, new line detected in /var/www/html/app/Core/security.php on line 42
[02-Mar-2026 13:53:53 UTC] PHP Warning:  Header may not contain more than a single header, new line detected in /var/www/html/app/Core/security.php on line 42
[02-Mar-2026 13:53:54 UTC] PHP Warning:  Header may not contain more than a single header, new line detected in /var/www/html/app/Core/security.php on line 42
[02-Mar-2026 13:53:57 UTC] PHP Warning:  Header may not contain more than a single header, new line detected in /var/www/html/app/Core/security.php on line 42
[02-Mar-2026 13:53:57 UTC] PHP Warning:  Header may not contain more than a single header, new line detected in /var/www/html/app/Core/security.php on line 42
[02-Mar-2026 13:53:59 UTC] PHP Warning:  Header may not contain more than a single header, new line detected in /var/www/html/app/Core/security.php on line 42
[02-Mar-2026 13:54:00 UTC] PHP Warning:  Header may not contain more than a single header, new line detected in /var/www/html/app/Core/security.php on line 42
[02-Mar-2026 14:01:05 UTC] PHP Warning:  Header may not contain more than a single header, new line detected in /var/www/html/app/Core/security.php on line 42
[02-Mar-2026 14:01:19 UTC] PHP Warning:  Header may not contain more than a single header, new line detected in /var/www/html/app/Core/security.php on line 42
[02-Mar-2026 14:01:19 UTC] PHP Warning:  Header may not contain more than a single header, new line detected in /var/www/html/app/Core/security.php on line 42
[02-Mar-2026 14:01:19 UTC] PHP Warning:  Header may not contain more than a single header, new line detected in /var/www/html/app/Core/security.php on line 42
[02-Mar-2026 14:01:26 UTC] PHP Warning:  Header may not contain more than a single header, new line detected in /var/www/html/app/Core/security.php on line 42
[02-Mar-2026 14:01:27 UTC] PHP Warning:  Header may not contain more than a single header, new line detected in /var/www/html/app/Core/security.php on line 42
[02-Mar-2026 14:01:41 UTC] PHP Warning:  Header may not contain more than a single header, new line detected in /var/www/html/app/Core/security.php on line 42
[02-Mar-2026 14:01:42 UTC] PHP Warning:  Header may not contain more than a single header, new line detected in /var/www/html/app/Core/security.php on line 42
[02-Mar-2026 14:01:43 UTC] PHP Warning:  Header may not contain more than a single header, new line detected in /var/www/html/app/Core/security.php on line 42
[02-Mar-2026 14:08:29 UTC] PHP Warning:  Header may not contain more than a single header, new line detected in /var/www/html/app/Core/security.php on line 42
[02-Mar-2026 14:08:30 UTC] PHP Warning:  Header may not contain more than a single header, new line detected in /var/www/html/app/Core/security.php on line 42
[02-Mar-2026 14:08:47 UTC] PHP Warning:  Header may not contain more than a single header, new line detected in /var/www/html/app/Core/security.php on line 42
[02-Mar-2026 14:08:49 UTC] PHP Warning:  Header may not contain more than a single header, new line detected in /var/www/html/app/Core/security.php on line 42
[02-Mar-2026 14:08:49 UTC] PHP Warning:  Header may not contain more than a single header, new line detected in /var/www/html/app/Core/security.php on line 42
[02-Mar-2026 14:08:49 UTC] PHP Warning:  Header may not contain more than a single header, new line detected in /var/www/html/app/Core/security.php on line 42
[02-Mar-2026 14:08:50 UTC] PHP Warning:  Header may not contain more than a single header, new line detected in /var/www/html/app/Core/security.php on line 42
[02-Mar-2026 14:08:50 UTC] PHP Warning:  Header may not contain more than a single header, new line detected in /var/www/html/app/Core/security.php on line 42
[02-Mar-2026 14:08:50 UTC] PHP Warning:  Header may not contain more than a single header, new line detected in /var/www/html/app/Core/security.php on line 42
[02-Mar-2026 14:08:51 UTC] PHP Warning:  Header may not contain more than a single header, new line detected in /var/www/html/app/Core/security.php on line 42
[02-Mar-2026 14:08:52 UTC] PHP Warning:  Header may not contain more than a single header, new line detected in /var/www/html/app/Core/security.php on line 42
[02-Mar-2026 14:09:03 UTC] PHP Warning:  Header may not contain more than a single header, new line detected in /var/www/html/app/Core/security.php on line 42
[02-Mar-2026 14:09:09 UTC] PHP Warning:  Header may not contain more than a single header, new line detected in /var/www/html/app/Core/security.php on line 42
[02-Mar-2026 14:09:10 UTC] PHP Warning:  Header may not contain more than a single header, new line detected in /var/www/html/app/Core/security.php on line 42
[02-Mar-2026 14:09:14 UTC] PHP Warning:  Header may not contain more than a single header, new line detected in /var/www/html/app/Core/security.php on line 42
[02-Mar-2026 14:09:35 UTC] PHP Warning:  Header may not contain more than a single header, new line detected in /var/www/html/app/Core/security.php on line 42
[02-Mar-2026 14:10:27 UTC] PHP Warning:  Header may not contain more than a single header, new line detected in /var/www/html/app/Core/security.php on line 42
[02-Mar-2026 14:10:30 UTC] PHP Warning:  Header may not contain more than a single header, new line detected in /var/www/html/app/Core/security.php on line 42
[02-Mar-2026 14:10:45 UTC] PHP Warning:  Header may not contain more than a single header, new line detected in /var/www/html/app/Core/security.php on line 42
[02-Mar-2026 14:10:52 UTC] PHP Warning:  Header may not contain more than a single header, new line detected in /var/www/html/app/Core/security.php on line 42
[02-Mar-2026 14:11:06 UTC] PHP Warning:  Header may not contain more than a single header, new line detected in /var/www/html/app/Core/security.php on line 42
[02-Mar-2026 14:11:12 UTC] PHP Warning:  Header may not contain more than a single header, new line detected in /var/www/html/app/Core/security.php on line 42
[02-Mar-2026 14:11:15 UTC] PHP Warning:  Header may not contain more than a single header, new line detected in /var/www/html/app/Core/security.php on line 42
[02-Mar-2026 14:11:52 UTC] PHP Warning:  Header may not contain more than a single header, new line detected in /var/www/html/app/Core/security.php on line 42
[02-Mar-2026 14:12:36 UTC] PHP Warning:  Header may not contain more than a single header, new line detected in /var/www/html/app/Core/security.php on line 42
[02-Mar-2026 14:12:37 UTC] PHP Warning:  Header may not contain more than a single header, new line detected in /var/www/html/app/Core/security.php on line 42
[02-Mar-2026 14:12:51 UTC] PHP Warning:  Header may not contain more than a single header, new line detected in /var/www/html/app/Core/security.php on line 42
[02-Mar-2026 14:12:51 UTC] PHP Warning:  Header may not contain more than a single header, new line detected in /var/www/html/app/Core/security.php on line 42
[02-Mar-2026 14:12:56 UTC] PHP Warning:  Header may not contain more than a single header, new line detected in /var/www/html/app/Core/security.php on line 42
[02-Mar-2026 14:13:04 UTC] PHP Warning:  Header may not contain more than a single header, new line detected in /var/www/html/app/Core/security.php on line 42
[02-Mar-2026 14:13:04 UTC] PHP Warning:  Header may not contain more than a single header, new line detected in /var/www/html/app/Core/security.php on line 42
[02-Mar-2026 14:13:04 UTC] PHP Warning:  Header may not contain more than a single header, new line detected in /var/www/html/app/Core/security.php on line 42
